---
source: crates/lexer/tests/lib.rs
assertion_line: 13
expression: regex

---
# Input
/aa/

---
# Output
[
    Token {
        kind: Regex,
        offset: 4,
        len: 4,
    },
    Token {
        kind: EOF,
        offset: 4,
        len: 1,
    },
]
